
> nexacare-app@0.1.0 build
> next build

Γû▓ Next.js 16.1.6 (Turbopack)

  Creating an optimized production build ...
Γ£ô Compiled successfully in 8.4s
  Running TypeScript ...
  Collecting page data using 11 workers ...
  Generating static pages using 11 workers (0/5) ...
node.exe : Error 
occurred prerendering 
page "/". Read more: htt
ps://nextjs.org/docs/mes
sages/prerender-error
At line:1 char:1
+ & "C:\Program 
Files\nodejs/node.exe" 
"C:\Program 
Files\nodejs/node_mo ...
+ ~~~~~~~~~~~~~~~~~~~~~~
~~~~~~~~~~~~~~~~~~~~~~~~
~~~~~~~~~~~~~~~~~~~~~~~
    + CategoryInfo      
        : NotSpecifi    
ed: (Error occurre    d 
...prerender-err    
or:String) [], Rem    
oteException
    + FullyQualifiedEr  
  rorId : NativeComm    
andError
 
Error: Functions cannot 
be passed directly to 
Client Components 
unless you explicitly 
expose it by marking it 
with "use server". Or 
maybe you meant to call 
this function rather 
than return it.
  {$$typeof: ..., 
render: function, 
displayName: ...}
                        
  ^^^^^^^^
    at stringify 
(<anonymous>) {
  digest: '4086468768'
}
Export encountered an 
error on /page: /, 
exiting the build.
Γ¿» Next.js build 
worker exited with 
code: 1 and signal: null
